dnslogger-forward: debug: Short packet of length 19.
dnslogger-forward: debug: No data received.
