dnslogger-forward: debug: Forwarded 58 bytes.
dnslogger-forward: Received data: 444e535846523031515ba105acd985000001000b000000070264650000020001c00c000200010001518000080168036e6963c00cc00c00020001
