dnslogger-forward: debug: Forwarded 94 bytes.
dnslogger-forward: Received data: 444e535846523031515ba1059e9785030001000000010000097364677368736468730264650000010001c016000600010001518000280161036e6963c016036f70730564656e6963c016777429fa00002a3000001c200036ee8000015180
