dnslogger-forward: debug: Forwarded 39 bytes.
dnslogger-forward: Received data: 444e535846523031515ba105acd985000001000b000000070264650000020001c00c0002000100
