dnslogger-forward: debug: Forwarded 28 bytes.
dnslogger-forward: Received data: 444e535846523031515ba105acd985000001000b0000000702646500
