dnslogger-forward: debug: Truncated DNS packet (length 10).
dnslogger-forward: debug: No data received.
