dnslogger-forward: debug: Short packet of length 16.
dnslogger-forward: debug: No data received.
