dnslogger-forward: debug: Truncated DNS packet (length 1).
dnslogger-forward: debug: No data received.
