dnslogger-forward: debug: Truncated DNS packet (length 6).
dnslogger-forward: debug: No data received.
