dnslogger-forward: debug: Short packet of length 18.
dnslogger-forward: debug: No data received.
