dnslogger-forward: debug: Short packet of length 11.
dnslogger-forward: debug: No data received.
