dnslogger-forward: debug: Truncated UDP header (81.91.161.5 -> 212.9.189.171).
dnslogger-forward: debug: No data received.
