dnslogger-forward: debug: Short packet of length 12.
dnslogger-forward: debug: No data received.
