dnslogger-forward: debug: Truncated DNS packet (length 0).
dnslogger-forward: debug: No data received.
