dnslogger-forward: debug: Forwarded 29 bytes.
dnslogger-forward: Received data: 444e535846523031515ba105acd985000001000b000000070264650000
