dnslogger-forward: debug: Short packet of length 15.
dnslogger-forward: debug: No data received.
