dnslogger-forward: debug: Dropping overlong packet (81.91.161.5 -> 212.9.189.171, 513 bytes).
dnslogger-forward: debug: No data received.
