dnslogger-forward: debug: Short packet of length 7.
dnslogger-forward: debug: No data received.
