dnslogger-forward: debug: Short packet of length 13.
dnslogger-forward: debug: No data received.
