dnslogger-forward: debug: Forwarded 30 bytes.
dnslogger-forward: Received data: 444e535846523031515ba105acd985000001000b00000007026465000002
