dnslogger-forward: debug: Truncated DNS packet (length 7).
dnslogger-forward: debug: No data received.
