dnslogger-forward: debug: Forwarded 27 bytes.
dnslogger-forward: Received data: 444e535846523031515ba105acd985000001000b00000007026465
