dnslogger-forward: debug: Truncated DNS packet (length 3).
dnslogger-forward: debug: No data received.
