dnslogger-forward: debug: Truncated DNS packet (length 5).
dnslogger-forward: debug: No data received.
