dnslogger-forward: debug: Forwarded 44 bytes.
dnslogger-forward: Received data: 444e535846523031515ba105acd985000001000b000000070264650000020001c00c00020001000151800008
