dnslogger-forward: debug: Short packet of length 6.
dnslogger-forward: debug: No data received.
