dnslogger-forward: debug: Short packet of length 17.
dnslogger-forward: debug: No data received.
