dnslogger-forward: debug: Short packet of length 1.
dnslogger-forward: debug: No data received.
