dnslogger-forward: debug: Truncated DNS packet (length 2).
dnslogger-forward: debug: No data received.
