dnslogger-forward: debug: Short packet of length 8.
dnslogger-forward: debug: No data received.
