dnslogger-forward: debug: Short packet of length 5.
dnslogger-forward: debug: No data received.
