dnslogger-forward: debug: Short packet of length 2.
dnslogger-forward: debug: No data received.
