dnslogger-forward: debug: Dropping question packet (212.9.189.171 -> 81.91.161.5).
dnslogger-forward: debug: No data received.
