dnslogger-forward: debug: Short packet of length 14.
dnslogger-forward: debug: No data received.
