dnslogger-forward: debug: Short packet of length 9.
dnslogger-forward: debug: No data received.
