dnslogger-forward: debug: Truncated DNS packet (length 11).
dnslogger-forward: debug: No data received.
