dnslogger-forward: debug: Truncated UDP packet (81.91.161.5 -> 212.9.189.171, UDP length 338, available 337).
dnslogger-forward: debug: No data received.
