dnslogger-forward: debug: Truncated DNS packet (length 4).
dnslogger-forward: debug: No data received.
