dnslogger-forward: debug: Dropping non-authoritative DNS packet (81.91.161.5 -> 212.9.189.171).
dnslogger-forward: debug: No data received.
