dnslogger-forward: debug: Dropping question packet (81.91.161.5 -> 212.9.189.171).
dnslogger-forward: debug: No data received.
