dnslogger-forward: Received data: 0156444e535846523031515ba105acd985000001000b000000070264650000020001c00c000200010001518000080168036e6963c00cc00c0002000100015180000a0169026465036e657400c00c00020001000151800004016ac022c00c00020001000151800004016bc022c00c000200010001518000040161c022c00c000200010001518000040162c036c00c000200010001518000040163c036c00c000200010001518000040164c036c00c000200010001518000040165c022c00c000200010001518000040166c022c00c000200010001518000040167c036c02000010001000151800004c02490d3c04a000100010001518000044223d02cc05a00010001000151800004d2510db3c06a00010001000151800004515ba105c0aa00010001000151800004c1abff22c0ba00010001000151800004c10000edc06a001c000100015180001020010608000600000000000000000005
